// Jest Snapshot v1, https://goo.gl/fbAQLP

exports[`PartyModeScreen Snapshot matches snapshot for initial render 1`] = `
<View
  style={
    {
      "backgroundColor": "#f5f3ef",
      "flex": 1,
    }
  }
>
  <RCTScrollView
    style={
      {
        "flex": 1,
        "padding": 16,
      }
    }
  >
    <View>
      <Text
        style={
          {
            "color": "#181b1b",
            "fontSize": 32,
            "fontWeight": "700",
            "marginBottom": 8,
          }
        }
      >
        Party Mode
      </Text>
      <Text
        style={
          {
            "color": "#778588",
            "fontSize": 14,
            "marginBottom": 16,
          }
        }
      >
        Upload a group photo to create multiple contacts
      </Text>
      <View
        style={
          [
            {
              "marginBottom": 16,
            },
            undefined,
          ]
        }
      >
        <View
          accessibilityState={
            {
              "busy": undefined,
              "checked": undefined,
              "disabled": undefined,
              "expanded": undefined,
              "selected": undefined,
            }
          }
          accessibilityValue={
            {
              "max": undefined,
              "min": undefined,
              "now": undefined,
              "text": undefined,
            }
          }
          accessible={true}
          collapsable={false}
          focusable={true}
          onClick={[Function]}
          onResponderGrant={[Function]}
          onResponderMove={[Function]}
          onResponderRelease={[Function]}
          onResponderTerminate={[Function]}
          onResponderTerminationRequest={[Function]}
          onStartShouldSetResponder={[Function]}
          style={
            {
              "opacity": 1,
            }
          }
          testID="image-selector"
        >
          <Text>
            Upload Image
          </Text>
        </View>
      </View>
      <View
        style={
          [
            {
              "marginBottom": 16,
            },
            undefined,
          ]
        }
      >
        <View
          style={
            [
              {
                "alignItems": "center",
                "backgroundColor": "#ece7df",
                "borderRadius": 8,
                "flexDirection": "row",
                "gap": 12,
                "padding": 16,
              },
              undefined,
            ]
          }
        >
          <Text>
            info-circle
          </Text>
          <Text
            style={
              {
                "color": "#181b1b",
                "flex": 1,
                "fontSize": 14,
              }
            }
          >
            Upload a photo with multiple faces. We'll detect each person and let you name them.
          </Text>
        </View>
      </View>
      <View>
        <View
          accessibilityState={
            {
              "busy": undefined,
              "checked": undefined,
              "disabled": undefined,
              "expanded": undefined,
              "selected": undefined,
            }
          }
          accessibilityValue={
            {
              "max": undefined,
              "min": undefined,
              "now": undefined,
              "text": undefined,
            }
          }
          accessible={true}
          collapsable={false}
          focusable={true}
          onClick={[Function]}
          onResponderGrant={[Function]}
          onResponderMove={[Function]}
          onResponderRelease={[Function]}
          onResponderTerminate={[Function]}
          onResponderTerminationRequest={[Function]}
          onStartShouldSetResponder={[Function]}
          style={
            {
              "opacity": 1,
            }
          }
          testID="cancel-button"
        >
          <Text>
            Back
          </Text>
        </View>
      </View>
    </View>
  </RCTScrollView>
</View>
`;
