// Jest Snapshot v1, https://goo.gl/fbAQLP

exports[`AddEditContactScreen Snapshot matches snapshot for initial render 1`] = `
<View
  style={
    {
      "backgroundColor": "#f5f3ef",
      "flex": 1,
    }
  }
>
  <RCTScrollView
    style={
      {
        "flex": 1,
        "padding": 16,
      }
    }
  >
    <View>
      <Text
        style={
          {
            "color": "#181b1b",
            "fontSize": 32,
            "fontWeight": "700",
            "marginBottom": 16,
          }
        }
      >
        Add
         Contact
      </Text>
      <View
        style={
          [
            {
              "marginBottom": 16,
            },
            undefined,
          ]
        }
      >
        <View
          accessibilityState={
            {
              "busy": undefined,
              "checked": undefined,
              "disabled": undefined,
              "expanded": undefined,
              "selected": undefined,
            }
          }
          accessibilityValue={
            {
              "max": undefined,
              "min": undefined,
              "now": undefined,
              "text": undefined,
            }
          }
          accessible={true}
          collapsable={false}
          focusable={true}
          onClick={[Function]}
          onResponderGrant={[Function]}
          onResponderMove={[Function]}
          onResponderRelease={[Function]}
          onResponderTerminate={[Function]}
          onResponderTerminationRequest={[Function]}
          onStartShouldSetResponder={[Function]}
          style={
            {
              "opacity": 1,
            }
          }
          testID="image-selector"
        >
          <Text>
            Upload Image
          </Text>
        </View>
      </View>
      <View
        style={
          [
            {
              "marginBottom": 16,
            },
            undefined,
          ]
        }
      >
        <Text
          style={
            {
              "color": "#181b1b",
              "fontSize": 14,
              "fontWeight": "600",
              "marginBottom": 8,
            }
          }
        >
          Name 
          <Text
            style={
              {
                "color": "#dc2626",
              }
            }
          >
            *
          </Text>
        </Text>
        <TextInput
          onChangeText={[Function]}
          placeholder="Contact name"
          placeholderTextColor="#adb6b8"
          style={
            {
              "backgroundColor": "#ffffff",
              "borderColor": "#c8ced0",
              "borderRadius": 8,
              "borderWidth": 1,
              "color": "#181b1b",
              "fontSize": 16,
              "paddingHorizontal": 12,
              "paddingVertical": 12,
            }
          }
          value=""
        />
      </View>
      <View
        style={
          [
            {
              "marginBottom": 16,
            },
            undefined,
          ]
        }
      >
        <Text
          style={
            {
              "color": "#181b1b",
              "fontSize": 14,
              "fontWeight": "600",
              "marginBottom": 8,
            }
          }
        >
          Hint
        </Text>
        <TextInput
          onChangeText={[Function]}
          placeholder="e.g., tall, red jacket"
          placeholderTextColor="#adb6b8"
          style={
            {
              "backgroundColor": "#ffffff",
              "borderColor": "#c8ced0",
              "borderRadius": 8,
              "borderWidth": 1,
              "color": "#181b1b",
              "fontSize": 16,
              "paddingHorizontal": 12,
              "paddingVertical": 12,
            }
          }
          value=""
        />
      </View>
      <View
        style={
          [
            {
              "marginBottom": 16,
            },
            undefined,
          ]
        }
      >
        <Text
          style={
            {
              "color": "#181b1b",
              "fontSize": 14,
              "fontWeight": "600",
              "marginBottom": 8,
            }
          }
        >
          Summary
        </Text>
        <TextInput
          multiline={true}
          numberOfLines={3}
          onChangeText={[Function]}
          placeholder="Notes about this person"
          placeholderTextColor="#adb6b8"
          style={
            [
              {
                "backgroundColor": "#ffffff",
                "borderColor": "#c8ced0",
                "borderRadius": 8,
                "borderWidth": 1,
                "color": "#181b1b",
                "fontSize": 16,
                "paddingHorizontal": 12,
                "paddingVertical": 12,
              },
              {
                "minHeight": 80,
                "textAlignVertical": "top",
              },
            ]
          }
          value=""
        />
      </View>
      <View
        style={
          [
            {
              "marginBottom": 16,
            },
            undefined,
          ]
        }
      >
        <View
          style={
            [
              {
                "width": "100%",
              },
              undefined,
            ]
          }
        >
          <View
            accessibilityState={
              {
                "busy": undefined,
                "checked": undefined,
                "disabled": undefined,
                "expanded": undefined,
                "selected": undefined,
              }
            }
            accessibilityValue={
              {
                "max": undefined,
                "min": undefined,
                "now": undefined,
                "text": undefined,
              }
            }
            accessible={true}
            collapsable={false}
            focusable={true}
            onClick={[Function]}
            onResponderGrant={[Function]}
            onResponderMove={[Function]}
            onResponderRelease={[Function]}
            onResponderTerminate={[Function]}
            onResponderTerminationRequest={[Function]}
            onStartShouldSetResponder={[Function]}
            style={
              {
                "opacity": 1,
              }
            }
            testID="category-selector"
          >
            <Text>
              Select Category
            </Text>
          </View>
          <View
            style={
              {
                "marginTop": 16,
              }
            }
          >
            <Text>
              Tag Selector
            </Text>
          </View>
        </View>
      </View>
      <View>
        <View
          accessibilityState={
            {
              "busy": undefined,
              "checked": undefined,
              "disabled": false,
              "expanded": undefined,
              "selected": undefined,
            }
          }
          accessibilityValue={
            {
              "max": undefined,
              "min": undefined,
              "now": undefined,
              "text": undefined,
            }
          }
          accessible={true}
          collapsable={false}
          focusable={true}
          onClick={[Function]}
          onResponderGrant={[Function]}
          onResponderMove={[Function]}
          onResponderRelease={[Function]}
          onResponderTerminate={[Function]}
          onResponderTerminationRequest={[Function]}
          onStartShouldSetResponder={[Function]}
          style={
            {
              "opacity": 1,
            }
          }
          testID="primary-button"
        >
          <Text>
            Add Contact
          </Text>
        </View>
        <View
          accessibilityState={
            {
              "busy": undefined,
              "checked": undefined,
              "disabled": undefined,
              "expanded": undefined,
              "selected": undefined,
            }
          }
          accessibilityValue={
            {
              "max": undefined,
              "min": undefined,
              "now": undefined,
              "text": undefined,
            }
          }
          accessible={true}
          collapsable={false}
          focusable={true}
          onClick={[Function]}
          onResponderGrant={[Function]}
          onResponderMove={[Function]}
          onResponderRelease={[Function]}
          onResponderTerminate={[Function]}
          onResponderTerminationRequest={[Function]}
          onStartShouldSetResponder={[Function]}
          style={
            {
              "opacity": 1,
            }
          }
          testID="cancel-button"
        >
          <Text>
            Cancel
          </Text>
        </View>
      </View>
    </View>
  </RCTScrollView>
</View>
`;
