// Jest Snapshot v1, https://goo.gl/fbAQLP

exports[`InfoBox matches snapshot 1`] = `
<View
  style={
    [
      {
        "backgroundColor": "#ece7df",
        "borderLeftColor": "#547fab",
        "borderLeftWidth": 3,
        "borderRadius": 8,
        "elevation": 1,
        "padding": 16,
        "shadowColor": "#3f3527",
        "shadowOffset": {
          "height": 1,
          "width": 0,
        },
        "shadowOpacity": 0.05,
        "shadowRadius": 2,
      },
      undefined,
    ]
  }
>
  <View
    style={
      {
        "alignItems": "center",
        "flexDirection": "row",
        "gap": 12,
      }
    }
  >
    <Text>
      info-circle
    </Text>
    <Text
      style={
        {
          "color": "#181b1b",
          "flex": 1,
          "fontSize": 14,
        }
      }
    >
      Upload a photo with multiple faces. We'll detect each person and let you name them.
    </Text>
  </View>
</View>
`;
